// Vitest Snapshot v1, https://vitest.dev/guide/snapshot.html

exports[`Product component > renders Product 1`] = `
<DocumentFragment>
  <div
    class="_card_182724"
  >
    <div
      class="_imageWrapper_182724"
    >
      <img
        alt=""
        class="_image_182724"
        src="image.jpg"
      />
    </div>
    <div
      class="_contentWrapper_182724"
    >
      <p
        class="_category_182724"
      >
        clothing
      </p>
      <p
        class="_title_182724"
      >
        Backpack
      </p>
      <p
        class="_rating_182724"
      >
        Rating: 
        <span
          class="_rate_182724"
        >
          4
        </span>
         
        <span
          class="_count_182724"
        >
          (45)
        </span>
      </p>
      <p
        class="_price_182724"
      >
        <span
          class="_dollar_182724"
        >
          $
        </span>
        49.00
      </p>
    </div>
    <form
      class="_buyWrapper_182724"
    >
      <div
        class="_inputWrapper_182724"
      >
        <button
          aria-label="Decrease quantity by one"
          class="_btnRemove_182724"
          title="Decrease quantity"
          type="button"
        >
          <img
            alt=""
            class="_btnIcon_182724"
            height="32"
            src="data:image/svg+xml,%3c?xml%20version='1.0'%20encoding='iso-8859-1'?%3e%3c!--%20Generator:%20Adobe%20Illustrator%2019.0.1,%20SVG%20Export%20Plug-In%20.%20SVG%20Version:%206.00%20Build%200)%20--%3e%3csvg%20version='1.1'%20xmlns='http://www.w3.org/2000/svg'%20xmlns:xlink='http://www.w3.org/1999/xlink'%20x='0px'%20y='0px'%20viewBox='0%200%20128%20128'%20style='enable-background:new%200%200%20128%20128;'%20xml:space='preserve'%3e%3cg%20id='_x32_'%3e%3cpath%20style='fill:%23fff;'%20d='M125.61,71.238H2.39c-1.32,0-2.39-1.07-2.39-2.39v-9.787c0-1.32,1.07-2.39,2.39-2.39h123.22%20c1.32,0,2.39,1.07,2.39,2.39v9.787C128,70.168,126.93,71.238,125.61,71.238z'/%3e%3c/g%3e%3cg%20id='Layer_1'%3e%3c/g%3e%3c/svg%3e"
            width="32"
          />
        </button>
        <label
          class="_visuallyHidden_182724"
          for="1"
        >
          Quantity
        </label>
        <input
          class="_quantity_182724"
          id="1"
          max="1000"
          min="1"
          name="quantity"
          required=""
          type="number"
          value="0"
        />
        <button
          aria-label="Increase quantity by one"
          class="_btnAdd_182724"
          title="Increase quantity"
          type="button"
        >
          <img
            alt=""
            class="_btnIcon_182724"
            height="32"
            src="data:image/svg+xml,%3csvg%20id='Layer_1'%20data-name='Layer%201'%20xmlns='http://www.w3.org/2000/svg'%20viewBox='0%200%2016%2016'%3e%3cdefs%3e%3cstyle%3e.cls-1{fill-rule:evenodd;}%3c/style%3e%3c/defs%3e%3ctitle%3eTrade_Icons%3c/title%3e%3cpath%20fill='%23fff'%20class='cls-1'%20d='M.5,8.5v-1h15v1Z'/%3e%3cpath%20fill='%23fff'%20class='cls-1'%20d='M8.5,15.5h-1V.5h1Z'/%3e%3c/svg%3e"
            width="32"
          />
        </button>
      </div>
      <button
        class="_btnSubmit_182724"
        type="submit"
      >
        Add To Cart
      </button>
    </form>
  </div>
</DocumentFragment>
`;

exports[`Product component > renders Products 1`] = `
<DocumentFragment>
  <div
    class="_card_182724"
  >
    <div
      class="_imageWrapper_182724"
    >
      <img
        alt=""
        class="_image_182724"
        src="image.jpg"
      />
    </div>
    <div
      class="_contentWrapper_182724"
    >
      <p
        class="_category_182724"
      >
        clothing
      </p>
      <p
        class="_title_182724"
      >
        Backpack
      </p>
      <p
        class="_rating_182724"
      >
        Rating: 
        <span
          class="_rate_182724"
        >
          4
        </span>
         
        <span
          class="_count_182724"
        >
          (45)
        </span>
      </p>
      <p
        class="_price_182724"
      >
        <span
          class="_dollar_182724"
        >
          $
        </span>
        49.00
      </p>
    </div>
    <form
      class="_buyWrapper_182724"
    >
      <div
        class="_inputWrapper_182724"
      >
        <button
          aria-label="Decrease quantity by one"
          class="_btnRemove_182724"
          title="Decrease quantity"
          type="button"
        >
          <img
            alt=""
            class="_btnIcon_182724"
            height="32"
            src="data:image/svg+xml,%3c?xml%20version='1.0'%20encoding='iso-8859-1'?%3e%3c!--%20Generator:%20Adobe%20Illustrator%2019.0.1,%20SVG%20Export%20Plug-In%20.%20SVG%20Version:%206.00%20Build%200)%20--%3e%3csvg%20version='1.1'%20xmlns='http://www.w3.org/2000/svg'%20xmlns:xlink='http://www.w3.org/1999/xlink'%20x='0px'%20y='0px'%20viewBox='0%200%20128%20128'%20style='enable-background:new%200%200%20128%20128;'%20xml:space='preserve'%3e%3cg%20id='_x32_'%3e%3cpath%20style='fill:%23fff;'%20d='M125.61,71.238H2.39c-1.32,0-2.39-1.07-2.39-2.39v-9.787c0-1.32,1.07-2.39,2.39-2.39h123.22%20c1.32,0,2.39,1.07,2.39,2.39v9.787C128,70.168,126.93,71.238,125.61,71.238z'/%3e%3c/g%3e%3cg%20id='Layer_1'%3e%3c/g%3e%3c/svg%3e"
            width="32"
          />
        </button>
        <label
          class="_visuallyHidden_182724"
          for="1"
        >
          Quantity
        </label>
        <input
          class="_quantity_182724"
          id="1"
          max="1000"
          min="1"
          name="quantity"
          required=""
          type="number"
          value="0"
        />
        <button
          aria-label="Increase quantity by one"
          class="_btnAdd_182724"
          title="Increase quantity"
          type="button"
        >
          <img
            alt=""
            class="_btnIcon_182724"
            height="32"
            src="data:image/svg+xml,%3csvg%20id='Layer_1'%20data-name='Layer%201'%20xmlns='http://www.w3.org/2000/svg'%20viewBox='0%200%2016%2016'%3e%3cdefs%3e%3cstyle%3e.cls-1{fill-rule:evenodd;}%3c/style%3e%3c/defs%3e%3ctitle%3eTrade_Icons%3c/title%3e%3cpath%20fill='%23fff'%20class='cls-1'%20d='M.5,8.5v-1h15v1Z'/%3e%3cpath%20fill='%23fff'%20class='cls-1'%20d='M8.5,15.5h-1V.5h1Z'/%3e%3c/svg%3e"
            width="32"
          />
        </button>
      </div>
      <button
        class="_btnSubmit_182724"
        type="submit"
      >
        Add To Cart
      </button>
    </form>
  </div>
</DocumentFragment>
`;

exports[`Products component > renders Products 1`] = `
<DocumentFragment>
  <div
    class="_card_182724"
  >
    <div
      class="_imageWrapper_182724"
    >
      <img
        alt=""
        class="_image_182724"
        src="image.jpg"
      />
    </div>
    <div
      class="_contentWrapper_182724"
    >
      <p
        class="_category_182724"
      >
        clothing
      </p>
      <p
        class="_title_182724"
      >
        Backpack
      </p>
      <p
        class="_rating_182724"
      >
        Rating: 
        <span
          class="_rate_182724"
        >
          4
        </span>
         
        <span
          class="_count_182724"
        >
          (45)
        </span>
      </p>
      <p
        class="_price_182724"
      >
        <span
          class="_dollar_182724"
        >
          $
        </span>
        49.00
      </p>
    </div>
    <form
      class="_buyWrapper_182724"
    >
      <div
        class="_inputWrapper_182724"
      >
        <button
          aria-label="Decrease quantity by one"
          class="_btnRemove_182724"
          title="Decrease quantity"
          type="button"
        >
          <img
            alt=""
            class="_btnIcon_182724"
            height="32"
            src="data:image/svg+xml,%3c?xml%20version='1.0'%20encoding='iso-8859-1'?%3e%3c!--%20Generator:%20Adobe%20Illustrator%2019.0.1,%20SVG%20Export%20Plug-In%20.%20SVG%20Version:%206.00%20Build%200)%20--%3e%3csvg%20version='1.1'%20xmlns='http://www.w3.org/2000/svg'%20xmlns:xlink='http://www.w3.org/1999/xlink'%20x='0px'%20y='0px'%20viewBox='0%200%20128%20128'%20style='enable-background:new%200%200%20128%20128;'%20xml:space='preserve'%3e%3cg%20id='_x32_'%3e%3cpath%20style='fill:%23fff;'%20d='M125.61,71.238H2.39c-1.32,0-2.39-1.07-2.39-2.39v-9.787c0-1.32,1.07-2.39,2.39-2.39h123.22%20c1.32,0,2.39,1.07,2.39,2.39v9.787C128,70.168,126.93,71.238,125.61,71.238z'/%3e%3c/g%3e%3cg%20id='Layer_1'%3e%3c/g%3e%3c/svg%3e"
            width="32"
          />
        </button>
        <label
          class="_visuallyHidden_182724"
          for="1"
        >
          Quantity
        </label>
        <input
          class="_quantity_182724"
          id="1"
          max="1000"
          min="1"
          name="quantity"
          required=""
          type="number"
          value="0"
        />
        <button
          aria-label="Increase quantity by one"
          class="_btnAdd_182724"
          title="Increase quantity"
          type="button"
        >
          <img
            alt=""
            class="_btnIcon_182724"
            height="32"
            src="data:image/svg+xml,%3csvg%20id='Layer_1'%20data-name='Layer%201'%20xmlns='http://www.w3.org/2000/svg'%20viewBox='0%200%2016%2016'%3e%3cdefs%3e%3cstyle%3e.cls-1{fill-rule:evenodd;}%3c/style%3e%3c/defs%3e%3ctitle%3eTrade_Icons%3c/title%3e%3cpath%20fill='%23fff'%20class='cls-1'%20d='M.5,8.5v-1h15v1Z'/%3e%3cpath%20fill='%23fff'%20class='cls-1'%20d='M8.5,15.5h-1V.5h1Z'/%3e%3c/svg%3e"
            width="32"
          />
        </button>
      </div>
      <button
        class="_btnSubmit_182724"
        type="submit"
      >
        Add To Cart
      </button>
    </form>
  </div>
</DocumentFragment>
`;
