// Vitest Snapshot v1, https://vitest.dev/guide/snapshot.html

exports[`BestProducts component > renders BestProducts 1`] = `
<DocumentFragment>
  <section
    class="_bestProducts_d9fb3b"
  >
    <h2
      class="_subtitle_d9fb3b"
    >
      Best Selling Products
    </h2>
    <ul
      class="_productList_d9fb3b"
    >
      <li
        class="_product_d9fb3b"
      >
        <div
          class="_card_d9fb3b"
        >
          <div
            class="_imageWrapper_d9fb3b"
          >
            <img
              alt=""
              class="_image_d9fb3b"
              src="backpack.jpg"
            />
          </div>
          <div
            class="_contentWrapper_d9fb3b"
          >
            <p
              class="_category_d9fb3b"
            >
              clothing
            </p>
            <p
              class="_title_d9fb3b"
            >
              Backpack
            </p>
            <p
              class="_rating_d9fb3b"
            >
              Rating: 
              <span
                class="_rate_d9fb3b"
              >
                4
              </span>
            </p>
          </div>
        </div>
        <div
          class="_buyWrapper_d9fb3b"
        >
          <p
            class="_price_d9fb3b"
          >
            <span
              class="_dollar_d9fb3b"
            >
              $
            </span>
            39.99
          </p>
          <button
            aria-label="Add to cart"
            class="_btnAdd_d9fb3b"
            title="Add To Cart"
            type="button"
          >
            <img
              alt=""
              class="_btnIcon_d9fb3b"
              height="32"
              src="data:image/svg+xml,%3csvg%20id='Layer_1'%20data-name='Layer%201'%20xmlns='http://www.w3.org/2000/svg'%20viewBox='0%200%2016%2016'%3e%3cdefs%3e%3cstyle%3e.cls-1{fill-rule:evenodd;}%3c/style%3e%3c/defs%3e%3ctitle%3eTrade_Icons%3c/title%3e%3cpath%20fill='%23fff'%20class='cls-1'%20d='M.5,8.5v-1h15v1Z'/%3e%3cpath%20fill='%23fff'%20class='cls-1'%20d='M8.5,15.5h-1V.5h1Z'/%3e%3c/svg%3e"
              width="32"
            />
          </button>
        </div>
      </li>
      <li
        class="_product_d9fb3b"
      >
        <div
          class="_card_d9fb3b"
        >
          <div
            class="_imageWrapper_d9fb3b"
          >
            <img
              alt=""
              class="_image_d9fb3b"
              src="hard-drive.jpg"
            />
          </div>
          <div
            class="_contentWrapper_d9fb3b"
          >
            <p
              class="_category_d9fb3b"
            >
              electronics
            </p>
            <p
              class="_title_d9fb3b"
            >
              Hard Drive
            </p>
            <p
              class="_rating_d9fb3b"
            >
              Rating: 
              <span
                class="_rate_d9fb3b"
              >
                4.4
              </span>
            </p>
          </div>
        </div>
        <div
          class="_buyWrapper_d9fb3b"
        >
          <p
            class="_price_d9fb3b"
          >
            <span
              class="_dollar_d9fb3b"
            >
              $
            </span>
            99.99
          </p>
          <button
            aria-label="Add to cart"
            class="_btnAdd_d9fb3b"
            title="Add To Cart"
            type="button"
          >
            <img
              alt=""
              class="_btnIcon_d9fb3b"
              height="32"
              src="data:image/svg+xml,%3csvg%20id='Layer_1'%20data-name='Layer%201'%20xmlns='http://www.w3.org/2000/svg'%20viewBox='0%200%2016%2016'%3e%3cdefs%3e%3cstyle%3e.cls-1{fill-rule:evenodd;}%3c/style%3e%3c/defs%3e%3ctitle%3eTrade_Icons%3c/title%3e%3cpath%20fill='%23fff'%20class='cls-1'%20d='M.5,8.5v-1h15v1Z'/%3e%3cpath%20fill='%23fff'%20class='cls-1'%20d='M8.5,15.5h-1V.5h1Z'/%3e%3c/svg%3e"
              width="32"
            />
          </button>
        </div>
      </li>
    </ul>
    <a
      class="_linkMore_d9fb3b"
      data-discover="true"
      href="/shop"
    >
      View All
      <img
        alt=""
        height="20"
        src="data:image/svg+xml,%3csvg%20xmlns='http://www.w3.org/2000/svg'%20viewBox='0%200%2032%2032'%3e%3ctitle%3e3-Arrow%20Right%3c/title%3e%3cg%20id='_3-Arrow_Right'%20data-name='3-Arrow%20Right'%3e%3cpath%20fill='%23883E0C'%20d='M31.71,15.29l-10-10L20.29,6.71,28.59,15H0v2H28.59l-8.29,8.29,1.41,1.41,10-10A1,1,0,0,0,31.71,15.29Z'/%3e%3c/g%3e%3c/svg%3e"
        width="30"
      />
    </a>
  </section>
</DocumentFragment>
`;
